C:/Users/houjo/KOUSHUU/Core/Src/main.c:60:5:uart_printf	112	static
C:/Users/houjo/KOUSHUU/Core/Src/main.c:86:5:main	16	static
C:/Users/houjo/KOUSHUU/Core/Src/main.c:160:6:SystemClock_Config	88	static
C:/Users/houjo/KOUSHUU/Core/Src/main.c:215:13:MX_TIM3_Init	48	static
C:/Users/houjo/KOUSHUU/Core/Src/main.c:264:13:MX_USART1_UART_Init	8	static
C:/Users/houjo/KOUSHUU/Core/Src/main.c:297:13:MX_USART2_UART_Init	8	static
C:/Users/houjo/KOUSHUU/Core/Src/main.c:330:13:MX_GPIO_Init	48	static
C:/Users/houjo/KOUSHUU/Core/Src/main.c:388:6:Error_Handler	4	static,ignoring_inline_asm
