C:/Users/houjo/KOUSHUU/Core/Src/main.c:58:5:uart_printf	112	static
C:/Users/houjo/KOUSHUU/Core/Src/main.c:84:5:main	16	static
C:/Users/houjo/KOUSHUU/Core/Src/main.c:155:6:SystemClock_Config	88	static
C:/Users/houjo/KOUSHUU/Core/Src/main.c:210:13:MX_TIM3_Init	48	static
C:/Users/houjo/KOUSHUU/Core/Src/main.c:259:13:MX_USART2_UART_Init	8	static
C:/Users/houjo/KOUSHUU/Core/Src/main.c:292:13:MX_GPIO_Init	48	static
C:/Users/houjo/KOUSHUU/Core/Src/main.c:350:6:Error_Handler	4	static,ignoring_inline_asm
